// Jest Snapshot v1, https://goo.gl/fbAQLP

exports[`<ScrollableTableWithMenu /> renders without crashing 1`] = `
<ScrollableTableWithMenu
  columnMenu={
    Array [
      Object {
        "label": "TEAM",
        "name": "team",
      },
      Object {
        "label": "CATEGORIES",
        "name": "categories",
      },
      Object {
        "label": "MODIFIED DATE",
        "name": "updatedAt",
      },
    ]
  }
  persistentTableHeaders={
    Array [
      Object {
        "label": "PROJECT TITLE",
        "name": "projectTitle",
      },
      Object {
        "label": "VISIBILITY",
        "name": "visibility",
      },
      Object {
        "label": "CREATED",
        "name": "createdAt",
      },
      Object {
        "label": "AUTHOR",
        "name": "author",
      },
    ]
  }
  projectTab="teamProjects"
  team="IIP Video Production"
>
  <Grid>
    <div
      className="ui grid"
    >
      <GridRow
        className="items_tableSearch"
      >
        <div
          className="row items_tableSearch"
        >
          <Component
            handleSearchSubmit={[Function]}
          >
            TableSearch
          </Component>
        </div>
      </GridRow>
      <GridRow
        className="items_tableMenus_wrapper"
      >
        <div
          className="row items_tableMenus_wrapper"
        >
          <GridColumn
            computer={3}
            mobile={16}
            tablet={3}
          >
            <div
              className="three wide computer sixteen wide mobile three wide tablet column"
            >
              <Component
                displayActionsMenu={false}
                handleResetSelections={[Function]}
                selectedItems={Array []}
                toggleAllItemsSelection={[Function]}
                variables={
                  Object {
                    "first": 15,
                    "searchTerm": "",
                    "skip": 0,
                    "team": "IIP Video Production",
                  }
                }
              >
                TableActionsMenu
              </Component>
            </div>
          </GridColumn>
          <GridColumn
            className="items_tableMenus"
            computer={13}
            mobile={16}
            tablet={13}
          >
            <div
              className="thirteen wide computer sixteen wide mobile thirteen wide tablet column items_tableMenus"
            >
              <Component
                handleChange={[Function]}
                searchTerm=""
                value={15}
                variables={
                  Object {
                    "first": 15,
                    "searchTerm": "",
                    "skip": 0,
                    "team": "IIP Video Production",
                  }
                }
              >
                TableItemsDisplay
              </Component>
              <Component
                columnMenu={
                  Array [
                    Object {
                      "label": "TEAM",
                      "name": "team",
                    },
                    Object {
                      "label": "CATEGORIES",
                      "name": "categories",
                    },
                    Object {
                      "label": "MODIFIED DATE",
                      "name": "updatedAt",
                    },
                  ]
                }
                tableMenuOnChange={[Function]}
              >
                TableMenu
              </Component>
            </div>
          </GridColumn>
        </div>
      </GridRow>
      <GridRow>
        <div
          className="row"
        >
          <GridColumn
            className="items_table_wrapper"
          >
            <div
              className="column items_table_wrapper"
            >
              <div
                className="items_table"
              >
                <Table
                  as="table"
                  celled={true}
                  sortable={true}
                >
                  <table
                    className="ui celled sortable table"
                  >
                    <TableHeader
                      column={null}
                      direction={null}
                      displayActionsMenu={false}
                      handleSort={[Function]}
                      tableHeaders={
                        Array [
                          Object {
                            "label": "PROJECT TITLE",
                            "name": "projectTitle",
                          },
                          Object {
                            "label": "VISIBILITY",
                            "name": "visibility",
                          },
                          Object {
                            "label": "CREATED",
                            "name": "createdAt",
                          },
                          Object {
                            "label": "AUTHOR",
                            "name": "author",
                          },
                        ]
                      }
                      toggleAllItemsSelection={[Function]}
                    >
                      <thead>
                        <tr>
                          <th>
                            TableHeader
                          </th>
                        </tr>
                      </thead>
                    </TableHeader>
                    <TableBody
                      column={null}
                      direction={null}
                      projectTab="teamProjects"
                      searchTerm=""
                      selectedItems={Array []}
                      tableHeaders={
                        Array [
                          Object {
                            "label": "PROJECT TITLE",
                            "name": "projectTitle",
                          },
                          Object {
                            "label": "VISIBILITY",
                            "name": "visibility",
                          },
                          Object {
                            "label": "CREATED",
                            "name": "createdAt",
                          },
                          Object {
                            "label": "AUTHOR",
                            "name": "author",
                          },
                        ]
                      }
                      toggleItemSelection={[Function]}
                      variables={
                        Object {
                          "first": 15,
                          "searchTerm": "",
                          "skip": 0,
                          "team": "IIP Video Production",
                        }
                      }
                      windowWidth={null}
                    >
                      <tbody>
                        <tr>
                          <td>
                            TableBody
                          </td>
                        </tr>
                      </tbody>
                    </TableBody>
                  </table>
                </Table>
              </div>
            </div>
          </GridColumn>
        </div>
      </GridRow>
      <GridRow>
        <div
          className="row"
        >
          <GridColumn
            className="items_tablePagination"
          >
            <div
              className="column items_tablePagination"
            >
              <Component
                activePage={1}
                handlePageChange={[Function]}
                itemsPerPage={15}
                variables={
                  Object {
                    "searchTerm": "",
                    "team": "IIP Video Production",
                  }
                }
              >
                TablePagination
              </Component>
            </div>
          </GridColumn>
        </div>
      </GridRow>
    </div>
  </Grid>
</ScrollableTableWithMenu>
`;
