// Jest Snapshot v1, https://goo.gl/fbAQLP

exports[`<PreviewProjectContent /> renders error message if error is thrown 1`] = `"Error! GraphQL error: There was an error."`;

exports[`<PreviewProjectContent /> renders final state without crashing 1`] = `
<div
  className="modal LTR project-preview"
>
  <h1
    className="modal_headline"
  >
    Video Title (English)
  </h1>
  <p
    style={
      Object {
        "backgroundColor": "#fdb81e",
        "borderTopLeftRadius": "0.28571429rem",
        "borderTopRightRadius": "0.28571429rem",
        "fontSize": "1em",
        "left": "0",
        "padding": "1em 1.5em",
        "position": "absolute",
        "right": "0",
        "top": "0",
      }
    }
  >
    This is a preview of your video project on Content Commons.
  </p>
  <div
    className="modal_options"
  >
    <div
      aria-expanded={false}
      className="ui dropdown modal_languages"
      onBlur={[Function]}
      onChange={[Function]}
      onClick={[Function]}
      onFocus={[Function]}
      onMouseDown={[Function]}
      role="listbox"
      tabIndex={0}
    >
      <div
        aria-live="polite"
        className="text"
        role="alert"
      >
        English
      </div>
      <i
        aria-hidden="true"
        className="chevron down icon"
        onClick={[Function]}
      />
      <div
        className="menu transition"
      >
        <div
          aria-checked={true}
          aria-selected={true}
          className="active selected item"
          onClick={[Function]}
          role="option"
          style={
            Object {
              "pointerEvents": "all",
            }
          }
        >
          <span
            className="text"
          >
            English
          </span>
        </div>
        <div
          aria-checked={false}
          aria-selected={false}
          className="item"
          onClick={[Function]}
          role="option"
          style={
            Object {
              "pointerEvents": "all",
            }
          }
        >
          <span
            className="text"
          >
            French
          </span>
        </div>
      </div>
    </div>
    <div
      className="trigger-container"
    >
      <span
        style={
          Object {
            "display": "inline-block",
          }
        }
      >
        <button
          className="ui button trigger"
          onBlur={[Function]}
          onClick={[Function]}
          onFocus={[Function]}
          onMouseEnter={[Function]}
          onMouseLeave={[Function]}
          tooltip="Download video"
        >
          <img
            alt="Download video"
            height={18}
            src={Object {}}
            width={18}
          />
           
        </button>
      </span>
    </div>
  </div>
  <div
    className="project-preview__content"
  >
    <div
      className="ui embed"
      onClick={[Function]}
    >
      <i
        aria-hidden="true"
        className="video play icon"
      />
      <img
        className="placeholder"
        src="https://website.com/filename.jpg"
      />
    </div>
    <section
      className="modal_section modal_section--metaContent"
    >
      <div
        className="modal_meta_wrapper"
      >
        <div
          className="modal_meta"
        >
          <span
            className="modal_meta_content modal_meta_content--filetype"
          >
            File Type: video
          </span>
          <span
            className="modal_meta_content modal_meta_content--date"
          >
            Updated: March 14, 2019
          </span>
        </div>
      </div>
    </section>
    <section
      className="modal_section modal_section--description"
    >
      <p
        className="modal_description_text"
      >
        the English description
      </p>
    </section>
  </div>
  <section
    className="modal_section modal_section--postMeta"
  >
    <span
      className="modal_postmeta_content"
    >
      Source:
       
      the team name
    </span>
    <span
      className="modal_postmeta_content"
    >
      Date Published: March 14, 2019
    </span>
  </section>
</div>
`;
