// Jest Snapshot v1, https://goo.gl/fbAQLP

exports[`<DetailsPopup /> renders the final state 1`] = `
<DetailsPopup
  id="123"
>
  <Query
    query={
      Object {
        "definitions": Array [
          Object {
            "directives": Array [],
            "kind": "OperationDefinition",
            "name": Object {
              "kind": "Name",
              "value": "CheckProjectType",
            },
            "operation": "query",
            "selectionSet": Object {
              "kind": "SelectionSet",
              "selections": Array [
                Object {
                  "alias": undefined,
                  "arguments": Array [
                    Object {
                      "kind": "Argument",
                      "name": Object {
                        "kind": "Name",
                        "value": "id",
                      },
                      "value": Object {
                        "kind": "Variable",
                        "name": Object {
                          "kind": "Name",
                          "value": "id",
                        },
                      },
                    },
                  ],
                  "directives": Array [],
                  "kind": "Field",
                  "name": Object {
                    "kind": "Name",
                    "value": "videoProject",
                  },
                  "selectionSet": Object {
                    "kind": "SelectionSet",
                    "selections": Array [
                      Object {
                        "alias": undefined,
                        "arguments": Array [],
                        "directives": Array [],
                        "kind": "Field",
                        "name": Object {
                          "kind": "Name",
                          "value": "id",
                        },
                        "selectionSet": undefined,
                      },
                      Object {
                        "alias": undefined,
                        "arguments": Array [],
                        "directives": Array [],
                        "kind": "Field",
                        "name": Object {
                          "kind": "Name",
                          "value": "projectType",
                        },
                        "selectionSet": undefined,
                      },
                    ],
                  },
                },
              ],
            },
            "variableDefinitions": Array [
              Object {
                "defaultValue": undefined,
                "kind": "VariableDefinition",
                "type": Object {
                  "kind": "NonNullType",
                  "type": Object {
                    "kind": "NamedType",
                    "name": Object {
                      "kind": "Name",
                      "value": "ID",
                    },
                  },
                },
                "variable": Object {
                  "kind": "Variable",
                  "name": Object {
                    "kind": "Name",
                    "value": "id",
                  },
                },
              },
            ],
          },
        ],
        "kind": "Document",
        "loc": Object {
          "end": 107,
          "start": 0,
        },
      }
    }
    variables={
      Object {
        "id": "123",
      }
    }
  >
    <Popup
      className="detailsFiles_popup"
      content={
        <video-details-popup
          id="123"
        />
      }
      keepInViewPort={true}
      on="click"
      onClose={[Function]}
      onOpen={[Function]}
      open={false}
      position="bottom left"
      trigger={
        <button
          className="linkStyle projects_data_actions_action"
          data-projectitempopup="detailsPopup"
          type="button"
        >
          Files
        </button>
      }
    >
      <Portal
        closeOnDocumentClick={true}
        closeOnEscape={true}
        closeOnTriggerClick={true}
        eventPool="default"
        onClose={[Function]}
        onMount={[Function]}
        onOpen={[Function]}
        onUnmount={[Function]}
        open={false}
        openOnTriggerClick={true}
        trigger={
          <button
            className="linkStyle projects_data_actions_action"
            data-projectitempopup="detailsPopup"
            type="button"
          >
            Files
          </button>
        }
        triggerRef={[Function]}
      >
        <Ref
          innerRef={[Function]}
        >
          <button
            className="linkStyle projects_data_actions_action"
            data-projectitempopup="detailsPopup"
            onBlur={[Function]}
            onClick={[Function]}
            onFocus={[Function]}
            onMouseEnter={[Function]}
            onMouseLeave={[Function]}
            type="button"
          >
            Files
          </button>
        </Ref>
      </Portal>
    </Popup>
  </Query>
</DetailsPopup>
`;
