// Jest Snapshot v1, https://goo.gl/fbAQLP

exports[`<VideoDetailsPopup /> renders the final state 1`] = `
<VideoDetailsPopup
  id="123"
>
  <Query
    query={
      Object {
        "definitions": Array [
          Object {
            "directives": Array [],
            "kind": "OperationDefinition",
            "name": Object {
              "kind": "Name",
              "value": "VideoProjectFiles",
            },
            "operation": "query",
            "selectionSet": Object {
              "kind": "SelectionSet",
              "selections": Array [
                Object {
                  "alias": undefined,
                  "arguments": Array [
                    Object {
                      "kind": "Argument",
                      "name": Object {
                        "kind": "Name",
                        "value": "id",
                      },
                      "value": Object {
                        "kind": "Variable",
                        "name": Object {
                          "kind": "Name",
                          "value": "id",
                        },
                      },
                    },
                  ],
                  "directives": Array [],
                  "kind": "Field",
                  "name": Object {
                    "kind": "Name",
                    "value": "videoProject",
                  },
                  "selectionSet": Object {
                    "kind": "SelectionSet",
                    "selections": Array [
                      Object {
                        "alias": undefined,
                        "arguments": Array [],
                        "directives": Array [],
                        "kind": "Field",
                        "name": Object {
                          "kind": "Name",
                          "value": "id",
                        },
                        "selectionSet": undefined,
                      },
                      Object {
                        "alias": undefined,
                        "arguments": Array [],
                        "directives": Array [],
                        "kind": "Field",
                        "name": Object {
                          "kind": "Name",
                          "value": "projectType",
                        },
                        "selectionSet": undefined,
                      },
                      Object {
                        "alias": undefined,
                        "arguments": Array [],
                        "directives": Array [],
                        "kind": "Field",
                        "name": Object {
                          "kind": "Name",
                          "value": "units",
                        },
                        "selectionSet": Object {
                          "kind": "SelectionSet",
                          "selections": Array [
                            Object {
                              "alias": undefined,
                              "arguments": Array [],
                              "directives": Array [],
                              "kind": "Field",
                              "name": Object {
                                "kind": "Name",
                                "value": "id",
                              },
                              "selectionSet": undefined,
                            },
                            Object {
                              "alias": undefined,
                              "arguments": Array [],
                              "directives": Array [],
                              "kind": "Field",
                              "name": Object {
                                "kind": "Name",
                                "value": "files",
                              },
                              "selectionSet": Object {
                                "kind": "SelectionSet",
                                "selections": Array [
                                  Object {
                                    "alias": undefined,
                                    "arguments": Array [],
                                    "directives": Array [],
                                    "kind": "Field",
                                    "name": Object {
                                      "kind": "Name",
                                      "value": "id",
                                    },
                                    "selectionSet": undefined,
                                  },
                                  Object {
                                    "alias": undefined,
                                    "arguments": Array [],
                                    "directives": Array [],
                                    "kind": "Field",
                                    "name": Object {
                                      "kind": "Name",
                                      "value": "filesize",
                                    },
                                    "selectionSet": undefined,
                                  },
                                  Object {
                                    "alias": undefined,
                                    "arguments": Array [],
                                    "directives": Array [],
                                    "kind": "Field",
                                    "name": Object {
                                      "kind": "Name",
                                      "value": "quality",
                                    },
                                    "selectionSet": undefined,
                                  },
                                  Object {
                                    "alias": undefined,
                                    "arguments": Array [],
                                    "directives": Array [],
                                    "kind": "Field",
                                    "name": Object {
                                      "kind": "Name",
                                      "value": "url",
                                    },
                                    "selectionSet": undefined,
                                  },
                                  Object {
                                    "alias": undefined,
                                    "arguments": Array [],
                                    "directives": Array [],
                                    "kind": "Field",
                                    "name": Object {
                                      "kind": "Name",
                                      "value": "language",
                                    },
                                    "selectionSet": Object {
                                      "kind": "SelectionSet",
                                      "selections": Array [
                                        Object {
                                          "alias": undefined,
                                          "arguments": Array [],
                                          "directives": Array [],
                                          "kind": "Field",
                                          "name": Object {
                                            "kind": "Name",
                                            "value": "id",
                                          },
                                          "selectionSet": undefined,
                                        },
                                        Object {
                                          "alias": undefined,
                                          "arguments": Array [],
                                          "directives": Array [],
                                          "kind": "Field",
                                          "name": Object {
                                            "kind": "Name",
                                            "value": "displayName",
                                          },
                                          "selectionSet": undefined,
                                        },
                                      ],
                                    },
                                  },
                                  Object {
                                    "alias": undefined,
                                    "arguments": Array [],
                                    "directives": Array [],
                                    "kind": "Field",
                                    "name": Object {
                                      "kind": "Name",
                                      "value": "use",
                                    },
                                    "selectionSet": Object {
                                      "kind": "SelectionSet",
                                      "selections": Array [
                                        Object {
                                          "alias": undefined,
                                          "arguments": Array [],
                                          "directives": Array [],
                                          "kind": "Field",
                                          "name": Object {
                                            "kind": "Name",
                                            "value": "id",
                                          },
                                          "selectionSet": undefined,
                                        },
                                        Object {
                                          "alias": undefined,
                                          "arguments": Array [],
                                          "directives": Array [],
                                          "kind": "Field",
                                          "name": Object {
                                            "kind": "Name",
                                            "value": "name",
                                          },
                                          "selectionSet": undefined,
                                        },
                                      ],
                                    },
                                  },
                                ],
                              },
                            },
                          ],
                        },
                      },
                      Object {
                        "alias": undefined,
                        "arguments": Array [
                          Object {
                            "kind": "Argument",
                            "name": Object {
                              "kind": "Name",
                              "value": "where",
                            },
                            "value": Object {
                              "fields": Array [
                                Object {
                                  "kind": "ObjectField",
                                  "name": Object {
                                    "kind": "Name",
                                    "value": "filetype",
                                  },
                                  "value": Object {
                                    "block": false,
                                    "kind": "StringValue",
                                    "value": "srt",
                                  },
                                },
                              ],
                              "kind": "ObjectValue",
                            },
                          },
                        ],
                        "directives": Array [],
                        "kind": "Field",
                        "name": Object {
                          "kind": "Name",
                          "value": "supportFiles",
                        },
                        "selectionSet": Object {
                          "kind": "SelectionSet",
                          "selections": Array [
                            Object {
                              "alias": undefined,
                              "arguments": Array [],
                              "directives": Array [],
                              "kind": "Field",
                              "name": Object {
                                "kind": "Name",
                                "value": "id",
                              },
                              "selectionSet": undefined,
                            },
                            Object {
                              "alias": undefined,
                              "arguments": Array [],
                              "directives": Array [],
                              "kind": "Field",
                              "name": Object {
                                "kind": "Name",
                                "value": "url",
                              },
                              "selectionSet": undefined,
                            },
                            Object {
                              "alias": undefined,
                              "arguments": Array [],
                              "directives": Array [],
                              "kind": "Field",
                              "name": Object {
                                "kind": "Name",
                                "value": "filesize",
                              },
                              "selectionSet": undefined,
                            },
                            Object {
                              "alias": undefined,
                              "arguments": Array [],
                              "directives": Array [],
                              "kind": "Field",
                              "name": Object {
                                "kind": "Name",
                                "value": "language",
                              },
                              "selectionSet": Object {
                                "kind": "SelectionSet",
                                "selections": Array [
                                  Object {
                                    "alias": undefined,
                                    "arguments": Array [],
                                    "directives": Array [],
                                    "kind": "Field",
                                    "name": Object {
                                      "kind": "Name",
                                      "value": "id",
                                    },
                                    "selectionSet": undefined,
                                  },
                                  Object {
                                    "alias": undefined,
                                    "arguments": Array [],
                                    "directives": Array [],
                                    "kind": "Field",
                                    "name": Object {
                                      "kind": "Name",
                                      "value": "displayName",
                                    },
                                    "selectionSet": undefined,
                                  },
                                ],
                              },
                            },
                          ],
                        },
                      },
                    ],
                  },
                },
              ],
            },
            "variableDefinitions": Array [
              Object {
                "defaultValue": undefined,
                "directives": Array [],
                "kind": "VariableDefinition",
                "type": Object {
                  "kind": "NonNullType",
                  "type": Object {
                    "kind": "NamedType",
                    "name": Object {
                      "kind": "Name",
                      "value": "ID",
                    },
                  },
                },
                "variable": Object {
                  "kind": "Variable",
                  "name": Object {
                    "kind": "Name",
                    "value": "id",
                  },
                },
              },
            ],
          },
        ],
        "kind": "Document",
        "loc": Object {
          "end": 574,
          "start": 0,
        },
      }
    }
    variables={
      Object {
        "id": "123",
      }
    }
  >
    <div
      className="details-files"
    >
      <ul>
        <li
          key="f281"
        >
          Full Video
           | 
          BROADCAST
           | 
          English
           (
          6.13  MB
          )
        </li>
        <li
          key="f294"
        >
          Full Video
           | 
          BROADCAST
           | 
          French
           (
          6.13  MB
          )
        </li>
        <li
          key="v832"
        >
          SRT | 
          English
           | 
          6.27  KB
        </li>
        <li
          key="v238"
        >
          SRT | 
          French
           | 
          6.27  KB
        </li>
      </ul>
    </div>
  </Query>
</VideoDetailsPopup>
`;
